------------------------------------------------------------
TimeQuest Timing Analyzer Summary
------------------------------------------------------------

Type  : Slow 1200mV 85C Model Setup 'SW_choose'
Slack : -18.382
TNS   : -1263.930

Type  : Slow 1200mV 85C Model Setup 'cpu:mcpu|control:mcontrol|isto'
Slack : -13.089
TNS   : -19.228

Type  : Slow 1200mV 85C Model Setup 'clk_div:light|div_clk'
Slack : -7.055
TNS   : -247.200

Type  : Slow 1200mV 85C Model Setup 'clk'
Slack : -4.102
TNS   : -375.124

Type  : Slow 1200mV 85C Model Setup 'clk_div:delay|div_clk'
Slack : -3.877
TNS   : -4.238

Type  : Slow 1200mV 85C Model Setup 'clk_div:mem|div_clk'
Slack : -2.366
TNS   : -51.189

Type  : Slow 1200mV 85C Model Hold 'clk'
Slack : -0.931
TNS   : -1.768

Type  : Slow 1200mV 85C Model Hold 'SW_choose'
Slack : -0.767
TNS   : -5.771

Type  : Slow 1200mV 85C Model Hold 'cpu:mcpu|control:mcontrol|isto'
Slack : -0.050
TNS   : -0.050

Type  : Slow 1200mV 85C Model Hold 'clk_div:mem|div_clk'
Slack : 0.443
TNS   : 0.000

Type  : Slow 1200mV 85C Model Hold 'clk_div:delay|div_clk'
Slack : 0.485
TNS   : 0.000

Type  : Slow 1200mV 85C Model Hold 'clk_div:light|div_clk'
Slack : 1.309
TNS   : 0.000

Type  : Slow 1200mV 85C Model Minimum Pulse Width 'clk_div:mem|div_clk'
Slack : -3.201
TNS   : -74.452

Type  : Slow 1200mV 85C Model Minimum Pulse Width 'cpu:mcpu|control:mcontrol|isto'
Slack : -3.201
TNS   : -12.804

Type  : Slow 1200mV 85C Model Minimum Pulse Width 'SW_choose'
Slack : -3.000
TNS   : -203.745

Type  : Slow 1200mV 85C Model Minimum Pulse Width 'clk'
Slack : -3.000
TNS   : -153.187

Type  : Slow 1200mV 85C Model Minimum Pulse Width 'clk_div:light|div_clk'
Slack : -1.487
TNS   : -68.402

Type  : Slow 1200mV 85C Model Minimum Pulse Width 'clk_div:delay|div_clk'
Slack : -1.487
TNS   : -4.461

Type  : Slow 1200mV 0C Model Setup 'SW_choose'
Slack : -17.241
TNS   : -1179.889

Type  : Slow 1200mV 0C Model Setup 'cpu:mcpu|control:mcontrol|isto'
Slack : -12.241
TNS   : -18.312

Type  : Slow 1200mV 0C Model Setup 'clk_div:light|div_clk'
Slack : -6.324
TNS   : -224.551

Type  : Slow 1200mV 0C Model Setup 'clk'
Slack : -3.779
TNS   : -346.344

Type  : Slow 1200mV 0C Model Setup 'clk_div:delay|div_clk'
Slack : -3.423
TNS   : -3.669

Type  : Slow 1200mV 0C Model Setup 'clk_div:mem|div_clk'
Slack : -2.106
TNS   : -44.981

Type  : Slow 1200mV 0C Model Hold 'SW_choose'
Slack : -0.887
TNS   : -6.875

Type  : Slow 1200mV 0C Model Hold 'clk'
Slack : -0.878
TNS   : -1.573

Type  : Slow 1200mV 0C Model Hold 'cpu:mcpu|control:mcontrol|isto'
Slack : 0.086
TNS   : 0.000

Type  : Slow 1200mV 0C Model Hold 'clk_div:mem|div_clk'
Slack : 0.401
TNS   : 0.000

Type  : Slow 1200mV 0C Model Hold 'clk_div:delay|div_clk'
Slack : 0.430
TNS   : 0.000

Type  : Slow 1200mV 0C Model Hold 'clk_div:light|div_clk'
Slack : 1.320
TNS   : 0.000

Type  : Slow 1200mV 0C Model Minimum Pulse Width 'clk_div:mem|div_clk'
Slack : -3.201
TNS   : -74.452

Type  : Slow 1200mV 0C Model Minimum Pulse Width 'cpu:mcpu|control:mcontrol|isto'
Slack : -3.201
TNS   : -12.804

Type  : Slow 1200mV 0C Model Minimum Pulse Width 'SW_choose'
Slack : -3.000
TNS   : -224.140

Type  : Slow 1200mV 0C Model Minimum Pulse Width 'clk'
Slack : -3.000
TNS   : -153.187

Type  : Slow 1200mV 0C Model Minimum Pulse Width 'clk_div:light|div_clk'
Slack : -1.487
TNS   : -68.402

Type  : Slow 1200mV 0C Model Minimum Pulse Width 'clk_div:delay|div_clk'
Slack : -1.487
TNS   : -4.701

Type  : Fast 1200mV 0C Model Setup 'SW_choose'
Slack : -7.613
TNS   : -497.261

Type  : Fast 1200mV 0C Model Setup 'cpu:mcpu|control:mcontrol|isto'
Slack : -5.035
TNS   : -5.868

Type  : Fast 1200mV 0C Model Setup 'clk_div:light|div_clk'
Slack : -3.517
TNS   : -109.664

Type  : Fast 1200mV 0C Model Setup 'clk_div:delay|div_clk'
Slack : -1.196
TNS   : -1.196

Type  : Fast 1200mV 0C Model Setup 'clk'
Slack : -1.174
TNS   : -98.094

Type  : Fast 1200mV 0C Model Setup 'clk_div:mem|div_clk'
Slack : -0.462
TNS   : -7.093

Type  : Fast 1200mV 0C Model Hold 'SW_choose'
Slack : -0.518
TNS   : -4.062

Type  : Fast 1200mV 0C Model Hold 'clk'
Slack : -0.465
TNS   : -0.839

Type  : Fast 1200mV 0C Model Hold 'cpu:mcpu|control:mcontrol|isto'
Slack : -0.092
TNS   : -0.092

Type  : Fast 1200mV 0C Model Hold 'clk_div:mem|div_clk'
Slack : 0.157
TNS   : 0.000

Type  : Fast 1200mV 0C Model Hold 'clk_div:delay|div_clk'
Slack : 0.201
TNS   : 0.000

Type  : Fast 1200mV 0C Model Hold 'clk_div:light|div_clk'
Slack : 0.311
TNS   : 0.000

Type  : Fast 1200mV 0C Model Minimum Pulse Width 'SW_choose'
Slack : -3.000
TNS   : -236.180

Type  : Fast 1200mV 0C Model Minimum Pulse Width 'clk'
Slack : -3.000
TNS   : -131.259

Type  : Fast 1200mV 0C Model Minimum Pulse Width 'clk_div:light|div_clk'
Slack : -1.000
TNS   : -46.000

Type  : Fast 1200mV 0C Model Minimum Pulse Width 'clk_div:mem|div_clk'
Slack : -1.000
TNS   : -42.000

Type  : Fast 1200mV 0C Model Minimum Pulse Width 'cpu:mcpu|control:mcontrol|isto'
Slack : -1.000
TNS   : -4.000

Type  : Fast 1200mV 0C Model Minimum Pulse Width 'clk_div:delay|div_clk'
Slack : -1.000
TNS   : -3.000

------------------------------------------------------------
