------------------------------------------------------------
TimeQuest Timing Analyzer Summary
------------------------------------------------------------

Type  : Slow 1200mV 85C Model Setup 'cpu:mcpu|ar:mar|dout[10]'
Slack : -17.001
TNS   : -14419.624

Type  : Slow 1200mV 85C Model Setup 'SW_choose'
Slack : -16.733
TNS   : -1248.399

Type  : Slow 1200mV 85C Model Setup 'cpu:mcpu|control:mcontrol|ijmp'
Slack : -9.763
TNS   : -75.480

Type  : Slow 1200mV 85C Model Setup 'clk_div:light|div_clk'
Slack : -8.500
TNS   : -285.620

Type  : Slow 1200mV 85C Model Setup 'clk_div:delay|div_clk'
Slack : -4.967
TNS   : -4.967

Type  : Slow 1200mV 85C Model Setup 'clk'
Slack : -4.239
TNS   : -376.920

Type  : Slow 1200mV 85C Model Setup 'clk_div:mem|div_clk'
Slack : -3.003
TNS   : -80.551

Type  : Slow 1200mV 85C Model Hold 'SW_choose'
Slack : -5.568
TNS   : -67.749

Type  : Slow 1200mV 85C Model Hold 'cpu:mcpu|ar:mar|dout[10]'
Slack : -2.261
TNS   : -69.508

Type  : Slow 1200mV 85C Model Hold 'cpu:mcpu|control:mcontrol|ijmp'
Slack : -0.017
TNS   : -0.017

Type  : Slow 1200mV 85C Model Hold 'clk'
Slack : 0.059
TNS   : 0.000

Type  : Slow 1200mV 85C Model Hold 'clk_div:mem|div_clk'
Slack : 0.451
TNS   : 0.000

Type  : Slow 1200mV 85C Model Hold 'clk_div:delay|div_clk'
Slack : 0.485
TNS   : 0.000

Type  : Slow 1200mV 85C Model Hold 'clk_div:light|div_clk'
Slack : 1.913
TNS   : 0.000

Type  : Slow 1200mV 85C Model Minimum Pulse Width 'SW_choose'
Slack : -3.201
TNS   : -208.433

Type  : Slow 1200mV 85C Model Minimum Pulse Width 'clk_div:mem|div_clk'
Slack : -3.201
TNS   : -86.348

Type  : Slow 1200mV 85C Model Minimum Pulse Width 'clk'
Slack : -3.000
TNS   : -153.187

Type  : Slow 1200mV 85C Model Minimum Pulse Width 'clk_div:light|div_clk'
Slack : -1.487
TNS   : -68.402

Type  : Slow 1200mV 85C Model Minimum Pulse Width 'clk_div:delay|div_clk'
Slack : -1.487
TNS   : -4.461

Type  : Slow 1200mV 85C Model Minimum Pulse Width 'cpu:mcpu|control:mcontrol|ijmp'
Slack : -0.513
TNS   : -12.932

Type  : Slow 1200mV 85C Model Minimum Pulse Width 'cpu:mcpu|ar:mar|dout[10]'
Slack : 0.071
TNS   : 0.000

Type  : Slow 1200mV 0C Model Setup 'cpu:mcpu|ar:mar|dout[10]'
Slack : -16.249
TNS   : -13770.921

Type  : Slow 1200mV 0C Model Setup 'SW_choose'
Slack : -15.901
TNS   : -1182.745

Type  : Slow 1200mV 0C Model Setup 'cpu:mcpu|control:mcontrol|ijmp'
Slack : -9.278
TNS   : -71.783

Type  : Slow 1200mV 0C Model Setup 'clk_div:light|div_clk'
Slack : -7.743
TNS   : -260.388

Type  : Slow 1200mV 0C Model Setup 'clk_div:delay|div_clk'
Slack : -4.548
TNS   : -4.548

Type  : Slow 1200mV 0C Model Setup 'clk'
Slack : -3.885
TNS   : -345.522

Type  : Slow 1200mV 0C Model Setup 'clk_div:mem|div_clk'
Slack : -2.748
TNS   : -72.382

Type  : Slow 1200mV 0C Model Hold 'SW_choose'
Slack : -5.355
TNS   : -73.649

Type  : Slow 1200mV 0C Model Hold 'cpu:mcpu|ar:mar|dout[10]'
Slack : -2.011
TNS   : -60.752

Type  : Slow 1200mV 0C Model Hold 'clk'
Slack : 0.089
TNS   : 0.000

Type  : Slow 1200mV 0C Model Hold 'cpu:mcpu|control:mcontrol|ijmp'
Slack : 0.165
TNS   : 0.000

Type  : Slow 1200mV 0C Model Hold 'clk_div:mem|div_clk'
Slack : 0.401
TNS   : 0.000

Type  : Slow 1200mV 0C Model Hold 'clk_div:delay|div_clk'
Slack : 0.430
TNS   : 0.000

Type  : Slow 1200mV 0C Model Hold 'clk_div:light|div_clk'
Slack : 1.905
TNS   : 0.000

Type  : Slow 1200mV 0C Model Minimum Pulse Width 'SW_choose'
Slack : -3.201
TNS   : -226.676

Type  : Slow 1200mV 0C Model Minimum Pulse Width 'clk_div:mem|div_clk'
Slack : -3.201
TNS   : -86.348

Type  : Slow 1200mV 0C Model Minimum Pulse Width 'clk'
Slack : -3.000
TNS   : -153.193

Type  : Slow 1200mV 0C Model Minimum Pulse Width 'clk_div:light|div_clk'
Slack : -1.487
TNS   : -68.402

Type  : Slow 1200mV 0C Model Minimum Pulse Width 'clk_div:delay|div_clk'
Slack : -1.487
TNS   : -4.461

Type  : Slow 1200mV 0C Model Minimum Pulse Width 'cpu:mcpu|control:mcontrol|ijmp'
Slack : -0.578
TNS   : -10.530

Type  : Slow 1200mV 0C Model Minimum Pulse Width 'cpu:mcpu|ar:mar|dout[10]'
Slack : -0.228
TNS   : -15.869

Type  : Fast 1200mV 0C Model Setup 'cpu:mcpu|ar:mar|dout[10]'
Slack : -7.141
TNS   : -5821.481

Type  : Fast 1200mV 0C Model Setup 'SW_choose'
Slack : -7.095
TNS   : -512.657

Type  : Fast 1200mV 0C Model Setup 'clk_div:light|div_clk'
Slack : -4.240
TNS   : -125.612

Type  : Fast 1200mV 0C Model Setup 'cpu:mcpu|control:mcontrol|ijmp'
Slack : -3.482
TNS   : -26.693

Type  : Fast 1200mV 0C Model Setup 'clk_div:delay|div_clk'
Slack : -1.555
TNS   : -1.555

Type  : Fast 1200mV 0C Model Setup 'clk'
Slack : -1.262
TNS   : -103.309

Type  : Fast 1200mV 0C Model Setup 'clk_div:mem|div_clk'
Slack : -0.755
TNS   : -13.802

Type  : Fast 1200mV 0C Model Hold 'SW_choose'
Slack : -2.279
TNS   : -31.750

Type  : Fast 1200mV 0C Model Hold 'cpu:mcpu|ar:mar|dout[10]'
Slack : -1.407
TNS   : -61.458

Type  : Fast 1200mV 0C Model Hold 'clk'
Slack : 0.020
TNS   : 0.000

Type  : Fast 1200mV 0C Model Hold 'cpu:mcpu|control:mcontrol|ijmp'
Slack : 0.043
TNS   : 0.000

Type  : Fast 1200mV 0C Model Hold 'clk_div:mem|div_clk'
Slack : 0.163
TNS   : 0.000

Type  : Fast 1200mV 0C Model Hold 'clk_div:delay|div_clk'
Slack : 0.201
TNS   : 0.000

Type  : Fast 1200mV 0C Model Hold 'clk_div:light|div_clk'
Slack : 0.562
TNS   : 0.000

Type  : Fast 1200mV 0C Model Minimum Pulse Width 'SW_choose'
Slack : -3.000
TNS   : -245.753

Type  : Fast 1200mV 0C Model Minimum Pulse Width 'clk'
Slack : -3.000
TNS   : -131.200

Type  : Fast 1200mV 0C Model Minimum Pulse Width 'clk_div:mem|div_clk'
Slack : -1.000
TNS   : -50.000

Type  : Fast 1200mV 0C Model Minimum Pulse Width 'clk_div:light|div_clk'
Slack : -1.000
TNS   : -46.000

Type  : Fast 1200mV 0C Model Minimum Pulse Width 'clk_div:delay|div_clk'
Slack : -1.000
TNS   : -3.000

Type  : Fast 1200mV 0C Model Minimum Pulse Width 'cpu:mcpu|control:mcontrol|ijmp'
Slack : 0.010
TNS   : 0.000

Type  : Fast 1200mV 0C Model Minimum Pulse Width 'cpu:mcpu|ar:mar|dout[10]'
Slack : 0.202
TNS   : 0.000

------------------------------------------------------------
